// Jest Snapshot v1, https://goo.gl/fbAQLP

exports[`handles DECK_TAPPED action 1`] = `
Object {
  "deck": Array [
    Object {
      "color": "red",
      "draggable": false,
      "id": 21,
      "shown": false,
      "suit": "♥",
      "value": Object {
        "next": "10",
        "previous": "8",
        "value": "9",
      },
    },
    Object {
      "color": "red",
      "draggable": false,
      "id": 78,
      "shown": false,
      "suit": "♦",
      "value": Object {
        "next": "2",
        "value": "A",
      },
    },
    Object {
      "color": "red",
      "draggable": false,
      "id": 18,
      "shown": false,
      "suit": "♥",
      "value": Object {
        "next": "7",
        "previous": "5",
        "value": "6",
      },
    },
    Object {
      "color": "red",
      "draggable": false,
      "id": 14,
      "shown": false,
      "suit": "♥",
      "value": Object {
        "next": "3",
        "previous": "A",
        "value": "2",
      },
    },
    Object {
      "color": "black",
      "draggable": false,
      "id": 102,
      "shown": false,
      "suit": "♣",
      "value": Object {
        "next": "K",
        "previous": "J",
        "value": "Q",
      },
    },
    Object {
      "color": "red",
      "draggable": false,
      "id": 89,
      "shown": false,
      "suit": "♦",
      "value": Object {
        "next": "K",
        "previous": "J",
        "value": "Q",
      },
    },
    Object {
      "color": "black",
      "draggable": false,
      "id": 45,
      "shown": false,
      "suit": "♣",
      "value": Object {
        "next": "8",
        "previous": "6",
        "value": "7",
      },
    },
    Object {
      "color": "black",
      "draggable": false,
      "id": 46,
      "shown": false,
      "suit": "♣",
      "value": Object {
        "next": "9",
        "previous": "7",
        "value": "8",
      },
    },
    Object {
      "color": "black",
      "draggable": false,
      "id": 48,
      "shown": false,
      "suit": "♣",
      "value": Object {
        "next": "J",
        "previous": "9",
        "value": "10",
      },
    },
    Object {
      "color": "black",
      "draggable": false,
      "id": 61,
      "shown": false,
      "suit": "♠",
      "value": Object {
        "next": "J",
        "previous": "9",
        "value": "10",
      },
    },
    Object {
      "color": "red",
      "draggable": false,
      "id": 15,
      "shown": false,
      "suit": "♥",
      "value": Object {
        "next": "4",
        "previous": "2",
        "value": "3",
      },
    },
    Object {
      "color": "red",
      "draggable": false,
      "id": 26,
      "shown": false,
      "suit": "♦",
      "value": Object {
        "next": "2",
        "value": "A",
      },
    },
    Object {
      "color": "red",
      "draggable": false,
      "id": 75,
      "shown": false,
      "suit": "♥",
      "value": Object {
        "next": "Q",
        "previous": "10",
        "value": "J",
      },
    },
    Object {
      "color": "red",
      "draggable": false,
      "id": 28,
      "shown": false,
      "suit": "♦",
      "value": Object {
        "next": "4",
        "previous": "2",
        "value": "3",
      },
    },
    Object {
      "color": "black",
      "draggable": false,
      "id": 40,
      "shown": false,
      "suit": "♣",
      "value": Object {
        "next": "3",
        "previous": "A",
        "value": "2",
      },
    },
    Object {
      "color": "red",
      "draggable": false,
      "id": 65,
      "shown": false,
      "suit": "♥",
      "value": Object {
        "next": "2",
        "value": "A",
      },
    },
    Object {
      "color": "black",
      "draggable": false,
      "id": 59,
      "shown": false,
      "suit": "♠",
      "value": Object {
        "next": "9",
        "previous": "7",
        "value": "8",
      },
    },
    Object {
      "color": "black",
      "draggable": false,
      "id": 94,
      "shown": false,
      "suit": "♣",
      "value": Object {
        "next": "5",
        "previous": "3",
        "value": "4",
      },
    },
    Object {
      "color": "red",
      "draggable": false,
      "id": 24,
      "shown": false,
      "suit": "♥",
      "value": Object {
        "next": "K",
        "previous": "J",
        "value": "Q",
      },
    },
    Object {
      "color": "black",
      "draggable": false,
      "id": 56,
      "shown": false,
      "suit": "♠",
      "value": Object {
        "next": "6",
        "previous": "4",
        "value": "5",
      },
    },
    Object {
      "color": "red",
      "draggable": false,
      "id": 80,
      "shown": false,
      "suit": "♦",
      "value": Object {
        "next": "4",
        "previous": "2",
        "value": "3",
      },
    },
    Object {
      "color": "black",
      "draggable": false,
      "id": 101,
      "shown": false,
      "suit": "♣",
      "value": Object {
        "next": "Q",
        "previous": "10",
        "value": "J",
      },
    },
    Object {
      "color": "red",
      "draggable": false,
      "id": 38,
      "shown": false,
      "suit": "♦",
      "value": Object {
        "previous": "Q",
        "value": "K",
      },
    },
    Object {
      "color": "black",
      "draggable": false,
      "id": 9,
      "shown": false,
      "suit": "♠",
      "value": Object {
        "next": "J",
        "previous": "9",
        "value": "10",
      },
    },
    Object {
      "color": "black",
      "draggable": false,
      "id": 96,
      "shown": false,
      "suit": "♣",
      "value": Object {
        "next": "7",
        "previous": "5",
        "value": "6",
      },
    },
    Object {
      "color": "black",
      "draggable": false,
      "id": 50,
      "shown": false,
      "suit": "♣",
      "value": Object {
        "next": "K",
        "previous": "J",
        "value": "Q",
      },
    },
    Object {
      "color": "red",
      "draggable": false,
      "id": 30,
      "shown": false,
      "suit": "♦",
      "value": Object {
        "next": "6",
        "previous": "4",
        "value": "5",
      },
    },
    Object {
      "color": "red",
      "draggable": false,
      "id": 34,
      "shown": false,
      "suit": "♦",
      "value": Object {
        "next": "10",
        "previous": "8",
        "value": "9",
      },
    },
    Object {
      "color": "black",
      "draggable": false,
      "id": 92,
      "shown": false,
      "suit": "♣",
      "value": Object {
        "next": "3",
        "previous": "A",
        "value": "2",
      },
    },
    Object {
      "color": "black",
      "draggable": false,
      "id": 7,
      "shown": false,
      "suit": "♠",
      "value": Object {
        "next": "9",
        "previous": "7",
        "value": "8",
      },
    },
    Object {
      "color": "black",
      "draggable": false,
      "id": 62,
      "shown": false,
      "suit": "♠",
      "value": Object {
        "next": "Q",
        "previous": "10",
        "value": "J",
      },
    },
    Object {
      "color": "black",
      "draggable": false,
      "id": 60,
      "shown": false,
      "suit": "♠",
      "value": Object {
        "next": "10",
        "previous": "8",
        "value": "9",
      },
    },
    Object {
      "color": "red",
      "draggable": false,
      "id": 85,
      "shown": false,
      "suit": "♦",
      "value": Object {
        "next": "9",
        "previous": "7",
        "value": "8",
      },
    },
    Object {
      "color": "black",
      "draggable": false,
      "id": 6,
      "shown": false,
      "suit": "♠",
      "value": Object {
        "next": "8",
        "previous": "6",
        "value": "7",
      },
    },
    Object {
      "color": "red",
      "draggable": false,
      "id": 70,
      "shown": false,
      "suit": "♥",
      "value": Object {
        "next": "7",
        "previous": "5",
        "value": "6",
      },
    },
    Object {
      "color": "black",
      "draggable": false,
      "id": 3,
      "shown": false,
      "suit": "♠",
      "value": Object {
        "next": "5",
        "previous": "3",
        "value": "4",
      },
    },
    Object {
      "color": "black",
      "draggable": false,
      "id": 1,
      "shown": false,
      "suit": "♠",
      "value": Object {
        "next": "3",
        "previous": "A",
        "value": "2",
      },
    },
    Object {
      "color": "red",
      "draggable": false,
      "id": 36,
      "shown": false,
      "suit": "♦",
      "value": Object {
        "next": "Q",
        "previous": "10",
        "value": "J",
      },
    },
    Object {
      "color": "black",
      "draggable": false,
      "id": 12,
      "shown": false,
      "suit": "♠",
      "value": Object {
        "previous": "Q",
        "value": "K",
      },
    },
    Object {
      "color": "red",
      "draggable": false,
      "id": 68,
      "shown": false,
      "suit": "♥",
      "value": Object {
        "next": "5",
        "previous": "3",
        "value": "4",
      },
    },
    Object {
      "color": "red",
      "draggable": false,
      "id": 88,
      "shown": false,
      "suit": "♦",
      "value": Object {
        "next": "Q",
        "previous": "10",
        "value": "J",
      },
    },
    Object {
      "color": "red",
      "draggable": false,
      "id": 81,
      "shown": false,
      "suit": "♦",
      "value": Object {
        "next": "5",
        "previous": "3",
        "value": "4",
      },
    },
    Object {
      "color": "red",
      "draggable": false,
      "id": 84,
      "shown": false,
      "suit": "♦",
      "value": Object {
        "next": "8",
        "previous": "6",
        "value": "7",
      },
    },
    Object {
      "color": "red",
      "draggable": false,
      "id": 82,
      "shown": false,
      "suit": "♦",
      "value": Object {
        "next": "6",
        "previous": "4",
        "value": "5",
      },
    },
    Object {
      "color": "red",
      "draggable": false,
      "id": 29,
      "shown": false,
      "suit": "♦",
      "value": Object {
        "next": "5",
        "previous": "3",
        "value": "4",
      },
    },
    Object {
      "color": "black",
      "draggable": false,
      "id": 64,
      "shown": false,
      "suit": "♠",
      "value": Object {
        "previous": "Q",
        "value": "K",
      },
    },
    Object {
      "color": "black",
      "draggable": false,
      "id": 103,
      "shown": false,
      "suit": "♣",
      "value": Object {
        "previous": "Q",
        "value": "K",
      },
    },
    Object {
      "color": "red",
      "draggable": false,
      "id": 20,
      "shown": false,
      "suit": "♥",
      "value": Object {
        "next": "9",
        "previous": "7",
        "value": "8",
      },
    },
    Object {
      "color": "black",
      "draggable": false,
      "id": 99,
      "shown": false,
      "suit": "♣",
      "value": Object {
        "next": "10",
        "previous": "8",
        "value": "9",
      },
    },
    Object {
      "color": "black",
      "draggable": false,
      "id": 49,
      "shown": false,
      "suit": "♣",
      "value": Object {
        "next": "Q",
        "previous": "10",
        "value": "J",
      },
    },
    Object {
      "color": "red",
      "draggable": false,
      "id": 83,
      "shown": false,
      "suit": "♦",
      "value": Object {
        "next": "7",
        "previous": "5",
        "value": "6",
      },
    },
    Object {
      "color": "red",
      "draggable": false,
      "id": 37,
      "shown": false,
      "suit": "♦",
      "value": Object {
        "next": "K",
        "previous": "J",
        "value": "Q",
      },
    },
    Object {
      "color": "red",
      "draggable": false,
      "id": 31,
      "shown": false,
      "suit": "♦",
      "value": Object {
        "next": "7",
        "previous": "5",
        "value": "6",
      },
    },
    Object {
      "color": "red",
      "draggable": false,
      "id": 27,
      "shown": false,
      "suit": "♦",
      "value": Object {
        "next": "3",
        "previous": "A",
        "value": "2",
      },
    },
    Object {
      "color": "red",
      "draggable": false,
      "id": 22,
      "shown": false,
      "suit": "♥",
      "value": Object {
        "next": "J",
        "previous": "9",
        "value": "10",
      },
    },
    Object {
      "color": "red",
      "draggable": false,
      "id": 72,
      "shown": false,
      "suit": "♥",
      "value": Object {
        "next": "9",
        "previous": "7",
        "value": "8",
      },
    },
    Object {
      "color": "black",
      "draggable": false,
      "id": 5,
      "shown": false,
      "suit": "♠",
      "value": Object {
        "next": "7",
        "previous": "5",
        "value": "6",
      },
    },
    Object {
      "color": "black",
      "draggable": false,
      "id": 8,
      "shown": false,
      "suit": "♠",
      "value": Object {
        "next": "10",
        "previous": "8",
        "value": "9",
      },
    },
    Object {
      "color": "black",
      "draggable": false,
      "id": 11,
      "shown": false,
      "suit": "♠",
      "value": Object {
        "next": "K",
        "previous": "J",
        "value": "Q",
      },
    },
    Object {
      "color": "red",
      "draggable": false,
      "id": 13,
      "shown": false,
      "suit": "♥",
      "value": Object {
        "next": "2",
        "value": "A",
      },
    },
    Object {
      "color": "black",
      "draggable": false,
      "id": 4,
      "shown": false,
      "suit": "♠",
      "value": Object {
        "next": "6",
        "previous": "4",
        "value": "5",
      },
    },
    Object {
      "color": "red",
      "draggable": false,
      "id": 25,
      "shown": false,
      "suit": "♥",
      "value": Object {
        "previous": "Q",
        "value": "K",
      },
    },
    Object {
      "color": "red",
      "draggable": false,
      "id": 16,
      "shown": false,
      "suit": "♥",
      "value": Object {
        "next": "5",
        "previous": "3",
        "value": "4",
      },
    },
    Object {
      "color": "black",
      "draggable": false,
      "id": 44,
      "shown": false,
      "suit": "♣",
      "value": Object {
        "next": "7",
        "previous": "5",
        "value": "6",
      },
    },
  ],
  "goal": Object {
    "♠": Array [
      Object {
        "id": "♠1",
        "next": "A",
        "topCard": null,
      },
      Object {
        "id": "♠2",
        "next": "A",
        "topCard": null,
      },
    ],
    "♣": Array [
      Object {
        "id": "♣1",
        "next": "A",
        "topCard": null,
      },
      Object {
        "id": "♣2",
        "next": "A",
        "topCard": null,
      },
    ],
    "♥": Array [
      Object {
        "id": "♥1",
        "next": "A",
        "topCard": null,
      },
      Object {
        "id": "♥2",
        "next": "A",
        "topCard": null,
      },
    ],
    "♦": Array [
      Object {
        "id": "♦1",
        "next": "A",
        "topCard": null,
      },
      Object {
        "id": "♦2",
        "next": "A",
        "topCard": null,
      },
    ],
  },
  "lanes": Array [
    Array [
      Object {
        "color": "red",
        "draggable": true,
        "id": 79,
        "shown": true,
        "suit": "♦",
        "value": Object {
          "next": "3",
          "previous": "A",
          "value": "2",
        },
      },
      Object {
        "color": "red",
        "draggable": true,
        "id": 66,
        "shown": true,
        "suit": "♥",
        "value": Object {
          "next": "3",
          "previous": "A",
          "value": "2",
        },
      },
    ],
    Array [
      Object {
        "color": "black",
        "draggable": true,
        "id": 93,
        "shown": true,
        "suit": "♣",
        "value": Object {
          "next": "4",
          "previous": "2",
          "value": "3",
        },
      },
      Object {
        "color": "red",
        "draggable": true,
        "id": 17,
        "shown": true,
        "suit": "♥",
        "value": Object {
          "next": "6",
          "previous": "4",
          "value": "5",
        },
      },
      Object {
        "color": "red",
        "draggable": false,
        "id": 90,
        "shown": false,
        "suit": "♦",
        "value": Object {
          "previous": "Q",
          "value": "K",
        },
      },
    ],
    Array [
      Object {
        "color": "black",
        "draggable": true,
        "id": 51,
        "shown": true,
        "suit": "♣",
        "value": Object {
          "previous": "Q",
          "value": "K",
        },
      },
      Object {
        "color": "red",
        "draggable": true,
        "id": 71,
        "shown": true,
        "suit": "♥",
        "value": Object {
          "next": "8",
          "previous": "6",
          "value": "7",
        },
      },
      Object {
        "color": "red",
        "draggable": false,
        "id": 33,
        "shown": false,
        "suit": "♦",
        "value": Object {
          "next": "9",
          "previous": "7",
          "value": "8",
        },
      },
      Object {
        "color": "black",
        "draggable": false,
        "id": 63,
        "shown": false,
        "suit": "♠",
        "value": Object {
          "next": "K",
          "previous": "J",
          "value": "Q",
        },
      },
    ],
    Array [
      Object {
        "color": "black",
        "draggable": true,
        "id": 97,
        "shown": true,
        "suit": "♣",
        "value": Object {
          "next": "8",
          "previous": "6",
          "value": "7",
        },
      },
      Object {
        "color": "red",
        "draggable": true,
        "id": 73,
        "shown": true,
        "suit": "♥",
        "value": Object {
          "next": "10",
          "previous": "8",
          "value": "9",
        },
      },
      Object {
        "color": "black",
        "draggable": false,
        "id": 95,
        "shown": false,
        "suit": "♣",
        "value": Object {
          "next": "6",
          "previous": "4",
          "value": "5",
        },
      },
      Object {
        "color": "black",
        "draggable": false,
        "id": 10,
        "shown": false,
        "suit": "♠",
        "value": Object {
          "next": "Q",
          "previous": "10",
          "value": "J",
        },
      },
      Object {
        "color": "red",
        "draggable": false,
        "id": 19,
        "shown": false,
        "suit": "♥",
        "value": Object {
          "next": "8",
          "previous": "6",
          "value": "7",
        },
      },
    ],
    Array [
      Object {
        "color": "black",
        "draggable": true,
        "id": 53,
        "shown": true,
        "suit": "♠",
        "value": Object {
          "next": "3",
          "previous": "A",
          "value": "2",
        },
      },
      Object {
        "color": "black",
        "draggable": true,
        "id": 98,
        "shown": true,
        "suit": "♣",
        "value": Object {
          "next": "9",
          "previous": "7",
          "value": "8",
        },
      },
      Object {
        "color": "red",
        "draggable": false,
        "id": 86,
        "shown": false,
        "suit": "♦",
        "value": Object {
          "next": "10",
          "previous": "8",
          "value": "9",
        },
      },
      Object {
        "color": "black",
        "draggable": false,
        "id": 39,
        "shown": false,
        "suit": "♣",
        "value": Object {
          "next": "2",
          "value": "A",
        },
      },
      Object {
        "color": "black",
        "draggable": false,
        "id": 47,
        "shown": false,
        "suit": "♣",
        "value": Object {
          "next": "10",
          "previous": "8",
          "value": "9",
        },
      },
      Object {
        "color": "red",
        "draggable": false,
        "id": 87,
        "shown": false,
        "suit": "♦",
        "value": Object {
          "next": "J",
          "previous": "9",
          "value": "10",
        },
      },
    ],
    Array [
      Object {
        "color": "red",
        "draggable": true,
        "id": 69,
        "shown": true,
        "suit": "♥",
        "value": Object {
          "next": "6",
          "previous": "4",
          "value": "5",
        },
      },
      Object {
        "color": "red",
        "draggable": true,
        "id": 77,
        "shown": true,
        "suit": "♥",
        "value": Object {
          "previous": "Q",
          "value": "K",
        },
      },
      Object {
        "color": "black",
        "draggable": false,
        "id": 41,
        "shown": false,
        "suit": "♣",
        "value": Object {
          "next": "4",
          "previous": "2",
          "value": "3",
        },
      },
      Object {
        "color": "red",
        "draggable": false,
        "id": 35,
        "shown": false,
        "suit": "♦",
        "value": Object {
          "next": "J",
          "previous": "9",
          "value": "10",
        },
      },
      Object {
        "color": "black",
        "draggable": false,
        "id": 100,
        "shown": false,
        "suit": "♣",
        "value": Object {
          "next": "J",
          "previous": "9",
          "value": "10",
        },
      },
      Object {
        "color": "black",
        "draggable": false,
        "id": 43,
        "shown": false,
        "suit": "♣",
        "value": Object {
          "next": "6",
          "previous": "4",
          "value": "5",
        },
      },
    ],
    Array [
      Object {
        "color": "black",
        "draggable": true,
        "id": 91,
        "shown": true,
        "suit": "♣",
        "value": Object {
          "next": "2",
          "value": "A",
        },
      },
      Object {
        "color": "black",
        "draggable": true,
        "id": 42,
        "shown": true,
        "suit": "♣",
        "value": Object {
          "next": "5",
          "previous": "3",
          "value": "4",
        },
      },
      Object {
        "color": "red",
        "draggable": false,
        "id": 67,
        "shown": false,
        "suit": "♥",
        "value": Object {
          "next": "4",
          "previous": "2",
          "value": "3",
        },
      },
      Object {
        "color": "black",
        "draggable": false,
        "id": 52,
        "shown": false,
        "suit": "♠",
        "value": Object {
          "next": "2",
          "value": "A",
        },
      },
      Object {
        "color": "black",
        "draggable": false,
        "id": 54,
        "shown": false,
        "suit": "♠",
        "value": Object {
          "next": "4",
          "previous": "2",
          "value": "3",
        },
      },
    ],
    Array [
      Object {
        "color": "black",
        "draggable": true,
        "id": 58,
        "shown": true,
        "suit": "♠",
        "value": Object {
          "next": "8",
          "previous": "6",
          "value": "7",
        },
      },
      Object {
        "color": "black",
        "draggable": true,
        "id": 2,
        "shown": true,
        "suit": "♠",
        "value": Object {
          "next": "4",
          "previous": "2",
          "value": "3",
        },
      },
      Object {
        "color": "black",
        "draggable": false,
        "id": 0,
        "shown": false,
        "suit": "♠",
        "value": Object {
          "next": "2",
          "value": "A",
        },
      },
      Object {
        "color": "red",
        "draggable": false,
        "id": 76,
        "shown": false,
        "suit": "♥",
        "value": Object {
          "next": "K",
          "previous": "J",
          "value": "Q",
        },
      },
    ],
    Array [
      Object {
        "color": "black",
        "draggable": true,
        "id": 57,
        "shown": true,
        "suit": "♠",
        "value": Object {
          "next": "7",
          "previous": "5",
          "value": "6",
        },
      },
      Object {
        "color": "red",
        "draggable": true,
        "id": 74,
        "shown": true,
        "suit": "♥",
        "value": Object {
          "next": "J",
          "previous": "9",
          "value": "10",
        },
      },
      Object {
        "color": "red",
        "draggable": false,
        "id": 32,
        "shown": false,
        "suit": "♦",
        "value": Object {
          "next": "8",
          "previous": "6",
          "value": "7",
        },
      },
    ],
    Array [
      Object {
        "color": "red",
        "draggable": true,
        "id": 23,
        "shown": true,
        "suit": "♥",
        "value": Object {
          "next": "Q",
          "previous": "10",
          "value": "J",
        },
      },
      Object {
        "color": "black",
        "draggable": true,
        "id": 55,
        "shown": true,
        "suit": "♠",
        "value": Object {
          "next": "5",
          "previous": "3",
          "value": "4",
        },
      },
    ],
  ],
}
`;

exports[`returns the same state on an unhandled action 1`] = `
Object {
  "deck": Array [
    Object {
      "color": "red",
      "draggable": false,
      "id": 79,
      "shown": false,
      "suit": "♦",
      "value": Object {
        "next": "3",
        "previous": "A",
        "value": "2",
      },
    },
    Object {
      "color": "black",
      "draggable": false,
      "id": 93,
      "shown": false,
      "suit": "♣",
      "value": Object {
        "next": "4",
        "previous": "2",
        "value": "3",
      },
    },
    Object {
      "color": "black",
      "draggable": false,
      "id": 51,
      "shown": false,
      "suit": "♣",
      "value": Object {
        "previous": "Q",
        "value": "K",
      },
    },
    Object {
      "color": "black",
      "draggable": false,
      "id": 97,
      "shown": false,
      "suit": "♣",
      "value": Object {
        "next": "8",
        "previous": "6",
        "value": "7",
      },
    },
    Object {
      "color": "black",
      "draggable": false,
      "id": 53,
      "shown": false,
      "suit": "♠",
      "value": Object {
        "next": "3",
        "previous": "A",
        "value": "2",
      },
    },
    Object {
      "color": "red",
      "draggable": false,
      "id": 69,
      "shown": false,
      "suit": "♥",
      "value": Object {
        "next": "6",
        "previous": "4",
        "value": "5",
      },
    },
    Object {
      "color": "black",
      "draggable": false,
      "id": 91,
      "shown": false,
      "suit": "♣",
      "value": Object {
        "next": "2",
        "value": "A",
      },
    },
    Object {
      "color": "black",
      "draggable": false,
      "id": 58,
      "shown": false,
      "suit": "♠",
      "value": Object {
        "next": "8",
        "previous": "6",
        "value": "7",
      },
    },
    Object {
      "color": "black",
      "draggable": false,
      "id": 57,
      "shown": false,
      "suit": "♠",
      "value": Object {
        "next": "7",
        "previous": "5",
        "value": "6",
      },
    },
    Object {
      "color": "red",
      "draggable": false,
      "id": 23,
      "shown": false,
      "suit": "♥",
      "value": Object {
        "next": "Q",
        "previous": "10",
        "value": "J",
      },
    },
    Object {
      "color": "red",
      "draggable": false,
      "id": 21,
      "shown": false,
      "suit": "♥",
      "value": Object {
        "next": "10",
        "previous": "8",
        "value": "9",
      },
    },
    Object {
      "color": "red",
      "draggable": false,
      "id": 78,
      "shown": false,
      "suit": "♦",
      "value": Object {
        "next": "2",
        "value": "A",
      },
    },
    Object {
      "color": "red",
      "draggable": false,
      "id": 18,
      "shown": false,
      "suit": "♥",
      "value": Object {
        "next": "7",
        "previous": "5",
        "value": "6",
      },
    },
    Object {
      "color": "red",
      "draggable": false,
      "id": 14,
      "shown": false,
      "suit": "♥",
      "value": Object {
        "next": "3",
        "previous": "A",
        "value": "2",
      },
    },
    Object {
      "color": "black",
      "draggable": false,
      "id": 102,
      "shown": false,
      "suit": "♣",
      "value": Object {
        "next": "K",
        "previous": "J",
        "value": "Q",
      },
    },
    Object {
      "color": "red",
      "draggable": false,
      "id": 89,
      "shown": false,
      "suit": "♦",
      "value": Object {
        "next": "K",
        "previous": "J",
        "value": "Q",
      },
    },
    Object {
      "color": "black",
      "draggable": false,
      "id": 45,
      "shown": false,
      "suit": "♣",
      "value": Object {
        "next": "8",
        "previous": "6",
        "value": "7",
      },
    },
    Object {
      "color": "black",
      "draggable": false,
      "id": 46,
      "shown": false,
      "suit": "♣",
      "value": Object {
        "next": "9",
        "previous": "7",
        "value": "8",
      },
    },
    Object {
      "color": "black",
      "draggable": false,
      "id": 48,
      "shown": false,
      "suit": "♣",
      "value": Object {
        "next": "J",
        "previous": "9",
        "value": "10",
      },
    },
    Object {
      "color": "black",
      "draggable": false,
      "id": 61,
      "shown": false,
      "suit": "♠",
      "value": Object {
        "next": "J",
        "previous": "9",
        "value": "10",
      },
    },
    Object {
      "color": "red",
      "draggable": false,
      "id": 15,
      "shown": false,
      "suit": "♥",
      "value": Object {
        "next": "4",
        "previous": "2",
        "value": "3",
      },
    },
    Object {
      "color": "red",
      "draggable": false,
      "id": 26,
      "shown": false,
      "suit": "♦",
      "value": Object {
        "next": "2",
        "value": "A",
      },
    },
    Object {
      "color": "red",
      "draggable": false,
      "id": 75,
      "shown": false,
      "suit": "♥",
      "value": Object {
        "next": "Q",
        "previous": "10",
        "value": "J",
      },
    },
    Object {
      "color": "red",
      "draggable": false,
      "id": 28,
      "shown": false,
      "suit": "♦",
      "value": Object {
        "next": "4",
        "previous": "2",
        "value": "3",
      },
    },
    Object {
      "color": "black",
      "draggable": false,
      "id": 40,
      "shown": false,
      "suit": "♣",
      "value": Object {
        "next": "3",
        "previous": "A",
        "value": "2",
      },
    },
    Object {
      "color": "red",
      "draggable": false,
      "id": 65,
      "shown": false,
      "suit": "♥",
      "value": Object {
        "next": "2",
        "value": "A",
      },
    },
    Object {
      "color": "black",
      "draggable": false,
      "id": 59,
      "shown": false,
      "suit": "♠",
      "value": Object {
        "next": "9",
        "previous": "7",
        "value": "8",
      },
    },
    Object {
      "color": "black",
      "draggable": false,
      "id": 94,
      "shown": false,
      "suit": "♣",
      "value": Object {
        "next": "5",
        "previous": "3",
        "value": "4",
      },
    },
    Object {
      "color": "red",
      "draggable": false,
      "id": 24,
      "shown": false,
      "suit": "♥",
      "value": Object {
        "next": "K",
        "previous": "J",
        "value": "Q",
      },
    },
    Object {
      "color": "black",
      "draggable": false,
      "id": 56,
      "shown": false,
      "suit": "♠",
      "value": Object {
        "next": "6",
        "previous": "4",
        "value": "5",
      },
    },
    Object {
      "color": "red",
      "draggable": false,
      "id": 80,
      "shown": false,
      "suit": "♦",
      "value": Object {
        "next": "4",
        "previous": "2",
        "value": "3",
      },
    },
    Object {
      "color": "black",
      "draggable": false,
      "id": 101,
      "shown": false,
      "suit": "♣",
      "value": Object {
        "next": "Q",
        "previous": "10",
        "value": "J",
      },
    },
    Object {
      "color": "red",
      "draggable": false,
      "id": 38,
      "shown": false,
      "suit": "♦",
      "value": Object {
        "previous": "Q",
        "value": "K",
      },
    },
    Object {
      "color": "black",
      "draggable": false,
      "id": 9,
      "shown": false,
      "suit": "♠",
      "value": Object {
        "next": "J",
        "previous": "9",
        "value": "10",
      },
    },
    Object {
      "color": "black",
      "draggable": false,
      "id": 96,
      "shown": false,
      "suit": "♣",
      "value": Object {
        "next": "7",
        "previous": "5",
        "value": "6",
      },
    },
    Object {
      "color": "black",
      "draggable": false,
      "id": 50,
      "shown": false,
      "suit": "♣",
      "value": Object {
        "next": "K",
        "previous": "J",
        "value": "Q",
      },
    },
    Object {
      "color": "red",
      "draggable": false,
      "id": 30,
      "shown": false,
      "suit": "♦",
      "value": Object {
        "next": "6",
        "previous": "4",
        "value": "5",
      },
    },
    Object {
      "color": "red",
      "draggable": false,
      "id": 34,
      "shown": false,
      "suit": "♦",
      "value": Object {
        "next": "10",
        "previous": "8",
        "value": "9",
      },
    },
    Object {
      "color": "black",
      "draggable": false,
      "id": 92,
      "shown": false,
      "suit": "♣",
      "value": Object {
        "next": "3",
        "previous": "A",
        "value": "2",
      },
    },
    Object {
      "color": "black",
      "draggable": false,
      "id": 7,
      "shown": false,
      "suit": "♠",
      "value": Object {
        "next": "9",
        "previous": "7",
        "value": "8",
      },
    },
    Object {
      "color": "black",
      "draggable": false,
      "id": 62,
      "shown": false,
      "suit": "♠",
      "value": Object {
        "next": "Q",
        "previous": "10",
        "value": "J",
      },
    },
    Object {
      "color": "black",
      "draggable": false,
      "id": 60,
      "shown": false,
      "suit": "♠",
      "value": Object {
        "next": "10",
        "previous": "8",
        "value": "9",
      },
    },
    Object {
      "color": "red",
      "draggable": false,
      "id": 85,
      "shown": false,
      "suit": "♦",
      "value": Object {
        "next": "9",
        "previous": "7",
        "value": "8",
      },
    },
    Object {
      "color": "black",
      "draggable": false,
      "id": 6,
      "shown": false,
      "suit": "♠",
      "value": Object {
        "next": "8",
        "previous": "6",
        "value": "7",
      },
    },
    Object {
      "color": "red",
      "draggable": false,
      "id": 70,
      "shown": false,
      "suit": "♥",
      "value": Object {
        "next": "7",
        "previous": "5",
        "value": "6",
      },
    },
    Object {
      "color": "black",
      "draggable": false,
      "id": 3,
      "shown": false,
      "suit": "♠",
      "value": Object {
        "next": "5",
        "previous": "3",
        "value": "4",
      },
    },
    Object {
      "color": "black",
      "draggable": false,
      "id": 1,
      "shown": false,
      "suit": "♠",
      "value": Object {
        "next": "3",
        "previous": "A",
        "value": "2",
      },
    },
    Object {
      "color": "red",
      "draggable": false,
      "id": 36,
      "shown": false,
      "suit": "♦",
      "value": Object {
        "next": "Q",
        "previous": "10",
        "value": "J",
      },
    },
    Object {
      "color": "black",
      "draggable": false,
      "id": 12,
      "shown": false,
      "suit": "♠",
      "value": Object {
        "previous": "Q",
        "value": "K",
      },
    },
    Object {
      "color": "red",
      "draggable": false,
      "id": 68,
      "shown": false,
      "suit": "♥",
      "value": Object {
        "next": "5",
        "previous": "3",
        "value": "4",
      },
    },
    Object {
      "color": "red",
      "draggable": false,
      "id": 88,
      "shown": false,
      "suit": "♦",
      "value": Object {
        "next": "Q",
        "previous": "10",
        "value": "J",
      },
    },
    Object {
      "color": "red",
      "draggable": false,
      "id": 81,
      "shown": false,
      "suit": "♦",
      "value": Object {
        "next": "5",
        "previous": "3",
        "value": "4",
      },
    },
    Object {
      "color": "red",
      "draggable": false,
      "id": 84,
      "shown": false,
      "suit": "♦",
      "value": Object {
        "next": "8",
        "previous": "6",
        "value": "7",
      },
    },
    Object {
      "color": "red",
      "draggable": false,
      "id": 82,
      "shown": false,
      "suit": "♦",
      "value": Object {
        "next": "6",
        "previous": "4",
        "value": "5",
      },
    },
    Object {
      "color": "red",
      "draggable": false,
      "id": 29,
      "shown": false,
      "suit": "♦",
      "value": Object {
        "next": "5",
        "previous": "3",
        "value": "4",
      },
    },
    Object {
      "color": "black",
      "draggable": false,
      "id": 64,
      "shown": false,
      "suit": "♠",
      "value": Object {
        "previous": "Q",
        "value": "K",
      },
    },
    Object {
      "color": "black",
      "draggable": false,
      "id": 103,
      "shown": false,
      "suit": "♣",
      "value": Object {
        "previous": "Q",
        "value": "K",
      },
    },
    Object {
      "color": "red",
      "draggable": false,
      "id": 20,
      "shown": false,
      "suit": "♥",
      "value": Object {
        "next": "9",
        "previous": "7",
        "value": "8",
      },
    },
    Object {
      "color": "black",
      "draggable": false,
      "id": 99,
      "shown": false,
      "suit": "♣",
      "value": Object {
        "next": "10",
        "previous": "8",
        "value": "9",
      },
    },
    Object {
      "color": "black",
      "draggable": false,
      "id": 49,
      "shown": false,
      "suit": "♣",
      "value": Object {
        "next": "Q",
        "previous": "10",
        "value": "J",
      },
    },
    Object {
      "color": "red",
      "draggable": false,
      "id": 83,
      "shown": false,
      "suit": "♦",
      "value": Object {
        "next": "7",
        "previous": "5",
        "value": "6",
      },
    },
    Object {
      "color": "red",
      "draggable": false,
      "id": 37,
      "shown": false,
      "suit": "♦",
      "value": Object {
        "next": "K",
        "previous": "J",
        "value": "Q",
      },
    },
    Object {
      "color": "red",
      "draggable": false,
      "id": 31,
      "shown": false,
      "suit": "♦",
      "value": Object {
        "next": "7",
        "previous": "5",
        "value": "6",
      },
    },
    Object {
      "color": "red",
      "draggable": false,
      "id": 27,
      "shown": false,
      "suit": "♦",
      "value": Object {
        "next": "3",
        "previous": "A",
        "value": "2",
      },
    },
    Object {
      "color": "red",
      "draggable": false,
      "id": 22,
      "shown": false,
      "suit": "♥",
      "value": Object {
        "next": "J",
        "previous": "9",
        "value": "10",
      },
    },
    Object {
      "color": "red",
      "draggable": false,
      "id": 72,
      "shown": false,
      "suit": "♥",
      "value": Object {
        "next": "9",
        "previous": "7",
        "value": "8",
      },
    },
    Object {
      "color": "black",
      "draggable": false,
      "id": 5,
      "shown": false,
      "suit": "♠",
      "value": Object {
        "next": "7",
        "previous": "5",
        "value": "6",
      },
    },
    Object {
      "color": "black",
      "draggable": false,
      "id": 8,
      "shown": false,
      "suit": "♠",
      "value": Object {
        "next": "10",
        "previous": "8",
        "value": "9",
      },
    },
    Object {
      "color": "black",
      "draggable": false,
      "id": 11,
      "shown": false,
      "suit": "♠",
      "value": Object {
        "next": "K",
        "previous": "J",
        "value": "Q",
      },
    },
    Object {
      "color": "red",
      "draggable": false,
      "id": 13,
      "shown": false,
      "suit": "♥",
      "value": Object {
        "next": "2",
        "value": "A",
      },
    },
    Object {
      "color": "black",
      "draggable": false,
      "id": 4,
      "shown": false,
      "suit": "♠",
      "value": Object {
        "next": "6",
        "previous": "4",
        "value": "5",
      },
    },
    Object {
      "color": "red",
      "draggable": false,
      "id": 25,
      "shown": false,
      "suit": "♥",
      "value": Object {
        "previous": "Q",
        "value": "K",
      },
    },
    Object {
      "color": "red",
      "draggable": false,
      "id": 16,
      "shown": false,
      "suit": "♥",
      "value": Object {
        "next": "5",
        "previous": "3",
        "value": "4",
      },
    },
    Object {
      "color": "black",
      "draggable": false,
      "id": 44,
      "shown": false,
      "suit": "♣",
      "value": Object {
        "next": "7",
        "previous": "5",
        "value": "6",
      },
    },
  ],
  "goal": Object {
    "♠": Array [
      Object {
        "id": "♠1",
        "next": "A",
        "topCard": null,
      },
      Object {
        "id": "♠2",
        "next": "A",
        "topCard": null,
      },
    ],
    "♣": Array [
      Object {
        "id": "♣1",
        "next": "A",
        "topCard": null,
      },
      Object {
        "id": "♣2",
        "next": "A",
        "topCard": null,
      },
    ],
    "♥": Array [
      Object {
        "id": "♥1",
        "next": "A",
        "topCard": null,
      },
      Object {
        "id": "♥2",
        "next": "A",
        "topCard": null,
      },
    ],
    "♦": Array [
      Object {
        "id": "♦1",
        "next": "A",
        "topCard": null,
      },
      Object {
        "id": "♦2",
        "next": "A",
        "topCard": null,
      },
    ],
  },
  "lanes": Array [
    Array [
      Object {
        "color": "red",
        "draggable": true,
        "id": 66,
        "shown": true,
        "suit": "♥",
        "value": Object {
          "next": "3",
          "previous": "A",
          "value": "2",
        },
      },
    ],
    Array [
      Object {
        "color": "red",
        "draggable": true,
        "id": 17,
        "shown": true,
        "suit": "♥",
        "value": Object {
          "next": "6",
          "previous": "4",
          "value": "5",
        },
      },
      Object {
        "color": "red",
        "draggable": false,
        "id": 90,
        "shown": false,
        "suit": "♦",
        "value": Object {
          "previous": "Q",
          "value": "K",
        },
      },
    ],
    Array [
      Object {
        "color": "red",
        "draggable": true,
        "id": 71,
        "shown": true,
        "suit": "♥",
        "value": Object {
          "next": "8",
          "previous": "6",
          "value": "7",
        },
      },
      Object {
        "color": "red",
        "draggable": false,
        "id": 33,
        "shown": false,
        "suit": "♦",
        "value": Object {
          "next": "9",
          "previous": "7",
          "value": "8",
        },
      },
      Object {
        "color": "black",
        "draggable": false,
        "id": 63,
        "shown": false,
        "suit": "♠",
        "value": Object {
          "next": "K",
          "previous": "J",
          "value": "Q",
        },
      },
    ],
    Array [
      Object {
        "color": "red",
        "draggable": true,
        "id": 73,
        "shown": true,
        "suit": "♥",
        "value": Object {
          "next": "10",
          "previous": "8",
          "value": "9",
        },
      },
      Object {
        "color": "black",
        "draggable": false,
        "id": 95,
        "shown": false,
        "suit": "♣",
        "value": Object {
          "next": "6",
          "previous": "4",
          "value": "5",
        },
      },
      Object {
        "color": "black",
        "draggable": false,
        "id": 10,
        "shown": false,
        "suit": "♠",
        "value": Object {
          "next": "Q",
          "previous": "10",
          "value": "J",
        },
      },
      Object {
        "color": "red",
        "draggable": false,
        "id": 19,
        "shown": false,
        "suit": "♥",
        "value": Object {
          "next": "8",
          "previous": "6",
          "value": "7",
        },
      },
    ],
    Array [
      Object {
        "color": "black",
        "draggable": true,
        "id": 98,
        "shown": true,
        "suit": "♣",
        "value": Object {
          "next": "9",
          "previous": "7",
          "value": "8",
        },
      },
      Object {
        "color": "red",
        "draggable": false,
        "id": 86,
        "shown": false,
        "suit": "♦",
        "value": Object {
          "next": "10",
          "previous": "8",
          "value": "9",
        },
      },
      Object {
        "color": "black",
        "draggable": false,
        "id": 39,
        "shown": false,
        "suit": "♣",
        "value": Object {
          "next": "2",
          "value": "A",
        },
      },
      Object {
        "color": "black",
        "draggable": false,
        "id": 47,
        "shown": false,
        "suit": "♣",
        "value": Object {
          "next": "10",
          "previous": "8",
          "value": "9",
        },
      },
      Object {
        "color": "red",
        "draggable": false,
        "id": 87,
        "shown": false,
        "suit": "♦",
        "value": Object {
          "next": "J",
          "previous": "9",
          "value": "10",
        },
      },
    ],
    Array [
      Object {
        "color": "red",
        "draggable": true,
        "id": 77,
        "shown": true,
        "suit": "♥",
        "value": Object {
          "previous": "Q",
          "value": "K",
        },
      },
      Object {
        "color": "black",
        "draggable": false,
        "id": 41,
        "shown": false,
        "suit": "♣",
        "value": Object {
          "next": "4",
          "previous": "2",
          "value": "3",
        },
      },
      Object {
        "color": "red",
        "draggable": false,
        "id": 35,
        "shown": false,
        "suit": "♦",
        "value": Object {
          "next": "J",
          "previous": "9",
          "value": "10",
        },
      },
      Object {
        "color": "black",
        "draggable": false,
        "id": 100,
        "shown": false,
        "suit": "♣",
        "value": Object {
          "next": "J",
          "previous": "9",
          "value": "10",
        },
      },
      Object {
        "color": "black",
        "draggable": false,
        "id": 43,
        "shown": false,
        "suit": "♣",
        "value": Object {
          "next": "6",
          "previous": "4",
          "value": "5",
        },
      },
    ],
    Array [
      Object {
        "color": "black",
        "draggable": true,
        "id": 42,
        "shown": true,
        "suit": "♣",
        "value": Object {
          "next": "5",
          "previous": "3",
          "value": "4",
        },
      },
      Object {
        "color": "red",
        "draggable": false,
        "id": 67,
        "shown": false,
        "suit": "♥",
        "value": Object {
          "next": "4",
          "previous": "2",
          "value": "3",
        },
      },
      Object {
        "color": "black",
        "draggable": false,
        "id": 52,
        "shown": false,
        "suit": "♠",
        "value": Object {
          "next": "2",
          "value": "A",
        },
      },
      Object {
        "color": "black",
        "draggable": false,
        "id": 54,
        "shown": false,
        "suit": "♠",
        "value": Object {
          "next": "4",
          "previous": "2",
          "value": "3",
        },
      },
    ],
    Array [
      Object {
        "color": "black",
        "draggable": true,
        "id": 2,
        "shown": true,
        "suit": "♠",
        "value": Object {
          "next": "4",
          "previous": "2",
          "value": "3",
        },
      },
      Object {
        "color": "black",
        "draggable": false,
        "id": 0,
        "shown": false,
        "suit": "♠",
        "value": Object {
          "next": "2",
          "value": "A",
        },
      },
      Object {
        "color": "red",
        "draggable": false,
        "id": 76,
        "shown": false,
        "suit": "♥",
        "value": Object {
          "next": "K",
          "previous": "J",
          "value": "Q",
        },
      },
    ],
    Array [
      Object {
        "color": "red",
        "draggable": true,
        "id": 74,
        "shown": true,
        "suit": "♥",
        "value": Object {
          "next": "J",
          "previous": "9",
          "value": "10",
        },
      },
      Object {
        "color": "red",
        "draggable": false,
        "id": 32,
        "shown": false,
        "suit": "♦",
        "value": Object {
          "next": "8",
          "previous": "6",
          "value": "7",
        },
      },
    ],
    Array [
      Object {
        "color": "black",
        "draggable": true,
        "id": 55,
        "shown": true,
        "suit": "♠",
        "value": Object {
          "next": "5",
          "previous": "3",
          "value": "4",
        },
      },
    ],
  ],
}
`;
