// Jest Snapshot v1, https://goo.gl/fbAQLP

exports[`handles DECK_TAPPED action 1`] = `
Object {
  "deck": Array [
    Object {
      "color": "red",
      "draggable": false,
      "id": 0,
      "shown": false,
      "suit": "♥",
      "value": Object {
        "next": "K",
        "previous": "J",
        "value": "Q",
      },
    },
    Object {
      "color": "black",
      "draggable": false,
      "id": 0,
      "shown": false,
      "suit": "♣",
      "value": Object {
        "next": "3",
        "previous": "A",
        "value": "2",
      },
    },
    Object {
      "color": "black",
      "draggable": false,
      "id": 0,
      "shown": false,
      "suit": "♣",
      "value": Object {
        "next": "4",
        "previous": "2",
        "value": "3",
      },
    },
    Object {
      "color": "black",
      "draggable": false,
      "id": 0,
      "shown": false,
      "suit": "♠",
      "value": Object {
        "next": "10",
        "previous": "8",
        "value": "9",
      },
    },
    Object {
      "color": "black",
      "draggable": false,
      "id": 0,
      "shown": false,
      "suit": "♣",
      "value": Object {
        "next": "2",
        "value": "A",
      },
    },
    Object {
      "color": "red",
      "draggable": false,
      "id": 0,
      "shown": false,
      "suit": "♦",
      "value": Object {
        "next": "4",
        "previous": "2",
        "value": "3",
      },
    },
    Object {
      "color": "black",
      "draggable": false,
      "id": 0,
      "shown": false,
      "suit": "♣",
      "value": Object {
        "next": "4",
        "previous": "2",
        "value": "3",
      },
    },
    Object {
      "color": "black",
      "draggable": false,
      "id": 0,
      "shown": false,
      "suit": "♠",
      "value": Object {
        "next": "6",
        "previous": "4",
        "value": "5",
      },
    },
    Object {
      "color": "black",
      "draggable": false,
      "id": 0,
      "shown": false,
      "suit": "♣",
      "value": Object {
        "next": "Q",
        "previous": "10",
        "value": "J",
      },
    },
    Object {
      "color": "black",
      "draggable": false,
      "id": 0,
      "shown": false,
      "suit": "♠",
      "value": Object {
        "next": "2",
        "value": "A",
      },
    },
    Object {
      "color": "black",
      "draggable": false,
      "id": 0,
      "shown": false,
      "suit": "♣",
      "value": Object {
        "next": "6",
        "previous": "4",
        "value": "5",
      },
    },
    Object {
      "color": "red",
      "draggable": false,
      "id": 0,
      "shown": false,
      "suit": "♥",
      "value": Object {
        "next": "4",
        "previous": "2",
        "value": "3",
      },
    },
    Object {
      "color": "black",
      "draggable": false,
      "id": 0,
      "shown": false,
      "suit": "♠",
      "value": Object {
        "next": "6",
        "previous": "4",
        "value": "5",
      },
    },
    Object {
      "color": "red",
      "draggable": false,
      "id": 0,
      "shown": false,
      "suit": "♦",
      "value": Object {
        "previous": "Q",
        "value": "K",
      },
    },
    Object {
      "color": "red",
      "draggable": false,
      "id": 0,
      "shown": false,
      "suit": "♦",
      "value": Object {
        "next": "8",
        "previous": "6",
        "value": "7",
      },
    },
    Object {
      "color": "black",
      "draggable": false,
      "id": 0,
      "shown": false,
      "suit": "♣",
      "value": Object {
        "next": "8",
        "previous": "6",
        "value": "7",
      },
    },
    Object {
      "color": "red",
      "draggable": false,
      "id": 0,
      "shown": false,
      "suit": "♥",
      "value": Object {
        "next": "10",
        "previous": "8",
        "value": "9",
      },
    },
    Object {
      "color": "red",
      "draggable": false,
      "id": 0,
      "shown": false,
      "suit": "♥",
      "value": Object {
        "next": "2",
        "value": "A",
      },
    },
    Object {
      "color": "black",
      "draggable": false,
      "id": 0,
      "shown": false,
      "suit": "♣",
      "value": Object {
        "next": "5",
        "previous": "3",
        "value": "4",
      },
    },
    Object {
      "color": "red",
      "draggable": false,
      "id": 0,
      "shown": false,
      "suit": "♥",
      "value": Object {
        "next": "9",
        "previous": "7",
        "value": "8",
      },
    },
    Object {
      "color": "red",
      "draggable": false,
      "id": 0,
      "shown": false,
      "suit": "♥",
      "value": Object {
        "next": "7",
        "previous": "5",
        "value": "6",
      },
    },
    Object {
      "color": "red",
      "draggable": false,
      "id": 0,
      "shown": false,
      "suit": "♥",
      "value": Object {
        "next": "8",
        "previous": "6",
        "value": "7",
      },
    },
    Object {
      "color": "red",
      "draggable": false,
      "id": 0,
      "shown": false,
      "suit": "♥",
      "value": Object {
        "next": "J",
        "previous": "9",
        "value": "10",
      },
    },
    Object {
      "color": "black",
      "draggable": false,
      "id": 0,
      "shown": false,
      "suit": "♠",
      "value": Object {
        "next": "8",
        "previous": "6",
        "value": "7",
      },
    },
    Object {
      "color": "red",
      "draggable": false,
      "id": 0,
      "shown": false,
      "suit": "♥",
      "value": Object {
        "next": "9",
        "previous": "7",
        "value": "8",
      },
    },
    Object {
      "color": "black",
      "draggable": false,
      "id": 0,
      "shown": false,
      "suit": "♣",
      "value": Object {
        "next": "10",
        "previous": "8",
        "value": "9",
      },
    },
    Object {
      "color": "red",
      "draggable": false,
      "id": 0,
      "shown": false,
      "suit": "♥",
      "value": Object {
        "next": "5",
        "previous": "3",
        "value": "4",
      },
    },
    Object {
      "color": "red",
      "draggable": false,
      "id": 0,
      "shown": false,
      "suit": "♥",
      "value": Object {
        "next": "10",
        "previous": "8",
        "value": "9",
      },
    },
    Object {
      "color": "red",
      "draggable": false,
      "id": 0,
      "shown": false,
      "suit": "♦",
      "value": Object {
        "next": "8",
        "previous": "6",
        "value": "7",
      },
    },
    Object {
      "color": "black",
      "draggable": false,
      "id": 0,
      "shown": false,
      "suit": "♣",
      "value": Object {
        "next": "7",
        "previous": "5",
        "value": "6",
      },
    },
    Object {
      "color": "black",
      "draggable": false,
      "id": 0,
      "shown": false,
      "suit": "♠",
      "value": Object {
        "next": "K",
        "previous": "J",
        "value": "Q",
      },
    },
    Object {
      "color": "black",
      "draggable": false,
      "id": 0,
      "shown": false,
      "suit": "♣",
      "value": Object {
        "next": "K",
        "previous": "J",
        "value": "Q",
      },
    },
    Object {
      "color": "red",
      "draggable": false,
      "id": 0,
      "shown": false,
      "suit": "♦",
      "value": Object {
        "next": "3",
        "previous": "A",
        "value": "2",
      },
    },
    Object {
      "color": "black",
      "draggable": false,
      "id": 0,
      "shown": false,
      "suit": "♠",
      "value": Object {
        "next": "Q",
        "previous": "10",
        "value": "J",
      },
    },
    Object {
      "color": "black",
      "draggable": false,
      "id": 0,
      "shown": false,
      "suit": "♠",
      "value": Object {
        "next": "Q",
        "previous": "10",
        "value": "J",
      },
    },
    Object {
      "color": "black",
      "draggable": false,
      "id": 0,
      "shown": false,
      "suit": "♣",
      "value": Object {
        "next": "K",
        "previous": "J",
        "value": "Q",
      },
    },
    Object {
      "color": "black",
      "draggable": false,
      "id": 0,
      "shown": false,
      "suit": "♠",
      "value": Object {
        "next": "4",
        "previous": "2",
        "value": "3",
      },
    },
    Object {
      "color": "black",
      "draggable": false,
      "id": 0,
      "shown": false,
      "suit": "♠",
      "value": Object {
        "next": "9",
        "previous": "7",
        "value": "8",
      },
    },
    Object {
      "color": "black",
      "draggable": false,
      "id": 0,
      "shown": false,
      "suit": "♠",
      "value": Object {
        "previous": "Q",
        "value": "K",
      },
    },
    Object {
      "color": "red",
      "draggable": false,
      "id": 0,
      "shown": false,
      "suit": "♦",
      "value": Object {
        "next": "4",
        "previous": "2",
        "value": "3",
      },
    },
    Object {
      "color": "red",
      "draggable": false,
      "id": 0,
      "shown": false,
      "suit": "♥",
      "value": Object {
        "next": "2",
        "value": "A",
      },
    },
    Object {
      "color": "black",
      "draggable": false,
      "id": 0,
      "shown": false,
      "suit": "♠",
      "value": Object {
        "next": "K",
        "previous": "J",
        "value": "Q",
      },
    },
    Object {
      "color": "black",
      "draggable": false,
      "id": 0,
      "shown": false,
      "suit": "♠",
      "value": Object {
        "next": "3",
        "previous": "A",
        "value": "2",
      },
    },
    Object {
      "color": "red",
      "draggable": false,
      "id": 0,
      "shown": false,
      "suit": "♥",
      "value": Object {
        "next": "Q",
        "previous": "10",
        "value": "J",
      },
    },
    Object {
      "color": "red",
      "draggable": false,
      "id": 0,
      "shown": false,
      "suit": "♥",
      "value": Object {
        "next": "7",
        "previous": "5",
        "value": "6",
      },
    },
    Object {
      "color": "black",
      "draggable": false,
      "id": 0,
      "shown": false,
      "suit": "♣",
      "value": Object {
        "next": "J",
        "previous": "9",
        "value": "10",
      },
    },
    Object {
      "color": "red",
      "draggable": false,
      "id": 0,
      "shown": false,
      "suit": "♦",
      "value": Object {
        "next": "5",
        "previous": "3",
        "value": "4",
      },
    },
    Object {
      "color": "red",
      "draggable": false,
      "id": 0,
      "shown": false,
      "suit": "♦",
      "value": Object {
        "next": "10",
        "previous": "8",
        "value": "9",
      },
    },
    Object {
      "color": "red",
      "draggable": false,
      "id": 0,
      "shown": false,
      "suit": "♦",
      "value": Object {
        "next": "3",
        "previous": "A",
        "value": "2",
      },
    },
    Object {
      "color": "red",
      "draggable": false,
      "id": 0,
      "shown": false,
      "suit": "♦",
      "value": Object {
        "next": "Q",
        "previous": "10",
        "value": "J",
      },
    },
    Object {
      "color": "red",
      "draggable": false,
      "id": 0,
      "shown": false,
      "suit": "♥",
      "value": Object {
        "next": "J",
        "previous": "9",
        "value": "10",
      },
    },
    Object {
      "color": "red",
      "draggable": false,
      "id": 0,
      "shown": false,
      "suit": "♦",
      "value": Object {
        "next": "6",
        "previous": "4",
        "value": "5",
      },
    },
    Object {
      "color": "black",
      "draggable": false,
      "id": 0,
      "shown": false,
      "suit": "♣",
      "value": Object {
        "next": "7",
        "previous": "5",
        "value": "6",
      },
    },
    Object {
      "color": "red",
      "draggable": false,
      "id": 0,
      "shown": false,
      "suit": "♥",
      "value": Object {
        "next": "3",
        "previous": "A",
        "value": "2",
      },
    },
    Object {
      "color": "red",
      "draggable": false,
      "id": 0,
      "shown": false,
      "suit": "♦",
      "value": Object {
        "next": "2",
        "value": "A",
      },
    },
    Object {
      "color": "black",
      "draggable": false,
      "id": 0,
      "shown": false,
      "suit": "♣",
      "value": Object {
        "next": "6",
        "previous": "4",
        "value": "5",
      },
    },
    Object {
      "color": "red",
      "draggable": false,
      "id": 0,
      "shown": false,
      "suit": "♦",
      "value": Object {
        "next": "6",
        "previous": "4",
        "value": "5",
      },
    },
    Object {
      "color": "red",
      "draggable": false,
      "id": 0,
      "shown": false,
      "suit": "♦",
      "value": Object {
        "previous": "Q",
        "value": "K",
      },
    },
    Object {
      "color": "red",
      "draggable": false,
      "id": 0,
      "shown": false,
      "suit": "♦",
      "value": Object {
        "next": "2",
        "value": "A",
      },
    },
    Object {
      "color": "red",
      "draggable": false,
      "id": 0,
      "shown": false,
      "suit": "♦",
      "value": Object {
        "next": "5",
        "previous": "3",
        "value": "4",
      },
    },
    Object {
      "color": "black",
      "draggable": false,
      "id": 0,
      "shown": false,
      "suit": "♣",
      "value": Object {
        "next": "J",
        "previous": "9",
        "value": "10",
      },
    },
    Object {
      "color": "red",
      "draggable": false,
      "id": 0,
      "shown": false,
      "suit": "♦",
      "value": Object {
        "next": "9",
        "previous": "7",
        "value": "8",
      },
    },
    Object {
      "color": "red",
      "draggable": false,
      "id": 0,
      "shown": false,
      "suit": "♥",
      "value": Object {
        "next": "4",
        "previous": "2",
        "value": "3",
      },
    },
    Object {
      "color": "black",
      "draggable": false,
      "id": 0,
      "shown": false,
      "suit": "♠",
      "value": Object {
        "previous": "Q",
        "value": "K",
      },
    },
  ],
  "goal": Object {
    "♠": Array [
      Object {
        "id": "♠1",
        "next": "A",
        "topCard": null,
      },
      Object {
        "id": "♠2",
        "next": "A",
        "topCard": null,
      },
    ],
    "♣": Array [
      Object {
        "id": "♣1",
        "next": "A",
        "topCard": null,
      },
      Object {
        "id": "♣2",
        "next": "A",
        "topCard": null,
      },
    ],
    "♥": Array [
      Object {
        "id": "♥1",
        "next": "A",
        "topCard": null,
      },
      Object {
        "id": "♥2",
        "next": "A",
        "topCard": null,
      },
    ],
    "♦": Array [
      Object {
        "id": "♦1",
        "next": "A",
        "topCard": null,
      },
      Object {
        "id": "♦2",
        "next": "A",
        "topCard": null,
      },
    ],
  },
  "lanes": Array [
    Array [
      Object {
        "color": "red",
        "draggable": true,
        "id": 0,
        "shown": true,
        "suit": "♦",
        "value": Object {
          "next": "7",
          "previous": "5",
          "value": "6",
        },
      },
      Object {
        "color": "black",
        "draggable": true,
        "id": 0,
        "shown": true,
        "suit": "♣",
        "value": Object {
          "next": "Q",
          "previous": "10",
          "value": "J",
        },
      },
    ],
    Array [
      Object {
        "color": "red",
        "draggable": true,
        "id": 0,
        "shown": true,
        "suit": "♦",
        "value": Object {
          "next": "9",
          "previous": "7",
          "value": "8",
        },
      },
      Object {
        "color": "black",
        "draggable": true,
        "id": 0,
        "shown": true,
        "suit": "♣",
        "value": Object {
          "previous": "Q",
          "value": "K",
        },
      },
      Object {
        "color": "black",
        "draggable": false,
        "id": 0,
        "shown": false,
        "suit": "♠",
        "value": Object {
          "next": "2",
          "value": "A",
        },
      },
    ],
    Array [
      Object {
        "color": "black",
        "draggable": true,
        "id": 0,
        "shown": true,
        "suit": "♣",
        "value": Object {
          "next": "3",
          "previous": "A",
          "value": "2",
        },
      },
      Object {
        "color": "black",
        "draggable": true,
        "id": 0,
        "shown": true,
        "suit": "♠",
        "value": Object {
          "next": "8",
          "previous": "6",
          "value": "7",
        },
      },
      Object {
        "color": "black",
        "draggable": false,
        "id": 0,
        "shown": false,
        "suit": "♠",
        "value": Object {
          "next": "7",
          "previous": "5",
          "value": "6",
        },
      },
      Object {
        "color": "red",
        "draggable": false,
        "id": 0,
        "shown": false,
        "suit": "♥",
        "value": Object {
          "next": "3",
          "previous": "A",
          "value": "2",
        },
      },
    ],
    Array [
      Object {
        "color": "black",
        "draggable": true,
        "id": 0,
        "shown": true,
        "suit": "♣",
        "value": Object {
          "previous": "Q",
          "value": "K",
        },
      },
      Object {
        "color": "red",
        "draggable": true,
        "id": 0,
        "shown": true,
        "suit": "♥",
        "value": Object {
          "next": "6",
          "previous": "4",
          "value": "5",
        },
      },
      Object {
        "color": "black",
        "draggable": false,
        "id": 0,
        "shown": false,
        "suit": "♣",
        "value": Object {
          "next": "2",
          "value": "A",
        },
      },
      Object {
        "color": "red",
        "draggable": false,
        "id": 0,
        "shown": false,
        "suit": "♥",
        "value": Object {
          "next": "5",
          "previous": "3",
          "value": "4",
        },
      },
      Object {
        "color": "red",
        "draggable": false,
        "id": 0,
        "shown": false,
        "suit": "♥",
        "value": Object {
          "next": "K",
          "previous": "J",
          "value": "Q",
        },
      },
    ],
    Array [
      Object {
        "color": "red",
        "draggable": true,
        "id": 0,
        "shown": true,
        "suit": "♦",
        "value": Object {
          "next": "Q",
          "previous": "10",
          "value": "J",
        },
      },
      Object {
        "color": "red",
        "draggable": true,
        "id": 0,
        "shown": true,
        "suit": "♦",
        "value": Object {
          "next": "J",
          "previous": "9",
          "value": "10",
        },
      },
      Object {
        "color": "red",
        "draggable": false,
        "id": 0,
        "shown": false,
        "suit": "♥",
        "value": Object {
          "next": "6",
          "previous": "4",
          "value": "5",
        },
      },
      Object {
        "color": "red",
        "draggable": false,
        "id": 0,
        "shown": false,
        "suit": "♥",
        "value": Object {
          "previous": "Q",
          "value": "K",
        },
      },
      Object {
        "color": "red",
        "draggable": false,
        "id": 0,
        "shown": false,
        "suit": "♦",
        "value": Object {
          "next": "J",
          "previous": "9",
          "value": "10",
        },
      },
      Object {
        "color": "black",
        "draggable": false,
        "id": 0,
        "shown": false,
        "suit": "♠",
        "value": Object {
          "next": "9",
          "previous": "7",
          "value": "8",
        },
      },
    ],
    Array [
      Object {
        "color": "black",
        "draggable": true,
        "id": 0,
        "shown": true,
        "suit": "♣",
        "value": Object {
          "next": "5",
          "previous": "3",
          "value": "4",
        },
      },
      Object {
        "color": "red",
        "draggable": true,
        "id": 0,
        "shown": true,
        "suit": "♥",
        "value": Object {
          "next": "8",
          "previous": "6",
          "value": "7",
        },
      },
      Object {
        "color": "red",
        "draggable": false,
        "id": 0,
        "shown": false,
        "suit": "♦",
        "value": Object {
          "next": "10",
          "previous": "8",
          "value": "9",
        },
      },
      Object {
        "color": "black",
        "draggable": false,
        "id": 0,
        "shown": false,
        "suit": "♠",
        "value": Object {
          "next": "10",
          "previous": "8",
          "value": "9",
        },
      },
      Object {
        "color": "black",
        "draggable": false,
        "id": 0,
        "shown": false,
        "suit": "♠",
        "value": Object {
          "next": "J",
          "previous": "9",
          "value": "10",
        },
      },
      Object {
        "color": "black",
        "draggable": false,
        "id": 0,
        "shown": false,
        "suit": "♣",
        "value": Object {
          "next": "10",
          "previous": "8",
          "value": "9",
        },
      },
    ],
    Array [
      Object {
        "color": "red",
        "draggable": true,
        "id": 0,
        "shown": true,
        "suit": "♦",
        "value": Object {
          "next": "7",
          "previous": "5",
          "value": "6",
        },
      },
      Object {
        "color": "black",
        "draggable": true,
        "id": 0,
        "shown": true,
        "suit": "♠",
        "value": Object {
          "next": "J",
          "previous": "9",
          "value": "10",
        },
      },
      Object {
        "color": "red",
        "draggable": false,
        "id": 0,
        "shown": false,
        "suit": "♥",
        "value": Object {
          "next": "Q",
          "previous": "10",
          "value": "J",
        },
      },
      Object {
        "color": "black",
        "draggable": false,
        "id": 0,
        "shown": false,
        "suit": "♣",
        "value": Object {
          "next": "8",
          "previous": "6",
          "value": "7",
        },
      },
      Object {
        "color": "black",
        "draggable": false,
        "id": 0,
        "shown": false,
        "suit": "♠",
        "value": Object {
          "next": "5",
          "previous": "3",
          "value": "4",
        },
      },
    ],
    Array [
      Object {
        "color": "black",
        "draggable": true,
        "id": 0,
        "shown": true,
        "suit": "♠",
        "value": Object {
          "next": "5",
          "previous": "3",
          "value": "4",
        },
      },
      Object {
        "color": "black",
        "draggable": true,
        "id": 0,
        "shown": true,
        "suit": "♠",
        "value": Object {
          "next": "4",
          "previous": "2",
          "value": "3",
        },
      },
      Object {
        "color": "red",
        "draggable": false,
        "id": 0,
        "shown": false,
        "suit": "♦",
        "value": Object {
          "next": "K",
          "previous": "J",
          "value": "Q",
        },
      },
      Object {
        "color": "black",
        "draggable": false,
        "id": 0,
        "shown": false,
        "suit": "♣",
        "value": Object {
          "next": "9",
          "previous": "7",
          "value": "8",
        },
      },
    ],
    Array [
      Object {
        "color": "black",
        "draggable": true,
        "id": 0,
        "shown": true,
        "suit": "♠",
        "value": Object {
          "next": "7",
          "previous": "5",
          "value": "6",
        },
      },
      Object {
        "color": "red",
        "draggable": true,
        "id": 0,
        "shown": true,
        "suit": "♥",
        "value": Object {
          "previous": "Q",
          "value": "K",
        },
      },
      Object {
        "color": "black",
        "draggable": false,
        "id": 0,
        "shown": false,
        "suit": "♠",
        "value": Object {
          "next": "3",
          "previous": "A",
          "value": "2",
        },
      },
    ],
    Array [
      Object {
        "color": "red",
        "draggable": true,
        "id": 0,
        "shown": true,
        "suit": "♦",
        "value": Object {
          "next": "K",
          "previous": "J",
          "value": "Q",
        },
      },
      Object {
        "color": "black",
        "draggable": true,
        "id": 0,
        "shown": true,
        "suit": "♣",
        "value": Object {
          "next": "9",
          "previous": "7",
          "value": "8",
        },
      },
    ],
  ],
}
`;

exports[`returns the same state on an unhandled action 1`] = `
Object {
  "deck": Array [
    Object {
      "color": "red",
      "draggable": false,
      "id": 0,
      "shown": false,
      "suit": "♦",
      "value": Object {
        "next": "7",
        "previous": "5",
        "value": "6",
      },
    },
    Object {
      "color": "red",
      "draggable": false,
      "id": 0,
      "shown": false,
      "suit": "♦",
      "value": Object {
        "next": "9",
        "previous": "7",
        "value": "8",
      },
    },
    Object {
      "color": "black",
      "draggable": false,
      "id": 0,
      "shown": false,
      "suit": "♣",
      "value": Object {
        "next": "3",
        "previous": "A",
        "value": "2",
      },
    },
    Object {
      "color": "black",
      "draggable": false,
      "id": 0,
      "shown": false,
      "suit": "♣",
      "value": Object {
        "previous": "Q",
        "value": "K",
      },
    },
    Object {
      "color": "red",
      "draggable": false,
      "id": 0,
      "shown": false,
      "suit": "♦",
      "value": Object {
        "next": "Q",
        "previous": "10",
        "value": "J",
      },
    },
    Object {
      "color": "black",
      "draggable": false,
      "id": 0,
      "shown": false,
      "suit": "♣",
      "value": Object {
        "next": "5",
        "previous": "3",
        "value": "4",
      },
    },
    Object {
      "color": "red",
      "draggable": false,
      "id": 0,
      "shown": false,
      "suit": "♦",
      "value": Object {
        "next": "7",
        "previous": "5",
        "value": "6",
      },
    },
    Object {
      "color": "black",
      "draggable": false,
      "id": 0,
      "shown": false,
      "suit": "♠",
      "value": Object {
        "next": "5",
        "previous": "3",
        "value": "4",
      },
    },
    Object {
      "color": "black",
      "draggable": false,
      "id": 0,
      "shown": false,
      "suit": "♠",
      "value": Object {
        "next": "7",
        "previous": "5",
        "value": "6",
      },
    },
    Object {
      "color": "red",
      "draggable": false,
      "id": 0,
      "shown": false,
      "suit": "♦",
      "value": Object {
        "next": "K",
        "previous": "J",
        "value": "Q",
      },
    },
    Object {
      "color": "red",
      "draggable": false,
      "id": 0,
      "shown": false,
      "suit": "♥",
      "value": Object {
        "next": "K",
        "previous": "J",
        "value": "Q",
      },
    },
    Object {
      "color": "black",
      "draggable": false,
      "id": 0,
      "shown": false,
      "suit": "♣",
      "value": Object {
        "next": "3",
        "previous": "A",
        "value": "2",
      },
    },
    Object {
      "color": "black",
      "draggable": false,
      "id": 0,
      "shown": false,
      "suit": "♣",
      "value": Object {
        "next": "4",
        "previous": "2",
        "value": "3",
      },
    },
    Object {
      "color": "black",
      "draggable": false,
      "id": 0,
      "shown": false,
      "suit": "♠",
      "value": Object {
        "next": "10",
        "previous": "8",
        "value": "9",
      },
    },
    Object {
      "color": "black",
      "draggable": false,
      "id": 0,
      "shown": false,
      "suit": "♣",
      "value": Object {
        "next": "2",
        "value": "A",
      },
    },
    Object {
      "color": "red",
      "draggable": false,
      "id": 0,
      "shown": false,
      "suit": "♦",
      "value": Object {
        "next": "4",
        "previous": "2",
        "value": "3",
      },
    },
    Object {
      "color": "black",
      "draggable": false,
      "id": 0,
      "shown": false,
      "suit": "♣",
      "value": Object {
        "next": "4",
        "previous": "2",
        "value": "3",
      },
    },
    Object {
      "color": "black",
      "draggable": false,
      "id": 0,
      "shown": false,
      "suit": "♠",
      "value": Object {
        "next": "6",
        "previous": "4",
        "value": "5",
      },
    },
    Object {
      "color": "black",
      "draggable": false,
      "id": 0,
      "shown": false,
      "suit": "♣",
      "value": Object {
        "next": "Q",
        "previous": "10",
        "value": "J",
      },
    },
    Object {
      "color": "black",
      "draggable": false,
      "id": 0,
      "shown": false,
      "suit": "♠",
      "value": Object {
        "next": "2",
        "value": "A",
      },
    },
    Object {
      "color": "black",
      "draggable": false,
      "id": 0,
      "shown": false,
      "suit": "♣",
      "value": Object {
        "next": "6",
        "previous": "4",
        "value": "5",
      },
    },
    Object {
      "color": "red",
      "draggable": false,
      "id": 0,
      "shown": false,
      "suit": "♥",
      "value": Object {
        "next": "4",
        "previous": "2",
        "value": "3",
      },
    },
    Object {
      "color": "black",
      "draggable": false,
      "id": 0,
      "shown": false,
      "suit": "♠",
      "value": Object {
        "next": "6",
        "previous": "4",
        "value": "5",
      },
    },
    Object {
      "color": "red",
      "draggable": false,
      "id": 0,
      "shown": false,
      "suit": "♦",
      "value": Object {
        "previous": "Q",
        "value": "K",
      },
    },
    Object {
      "color": "red",
      "draggable": false,
      "id": 0,
      "shown": false,
      "suit": "♦",
      "value": Object {
        "next": "8",
        "previous": "6",
        "value": "7",
      },
    },
    Object {
      "color": "black",
      "draggable": false,
      "id": 0,
      "shown": false,
      "suit": "♣",
      "value": Object {
        "next": "8",
        "previous": "6",
        "value": "7",
      },
    },
    Object {
      "color": "red",
      "draggable": false,
      "id": 0,
      "shown": false,
      "suit": "♥",
      "value": Object {
        "next": "10",
        "previous": "8",
        "value": "9",
      },
    },
    Object {
      "color": "red",
      "draggable": false,
      "id": 0,
      "shown": false,
      "suit": "♥",
      "value": Object {
        "next": "2",
        "value": "A",
      },
    },
    Object {
      "color": "black",
      "draggable": false,
      "id": 0,
      "shown": false,
      "suit": "♣",
      "value": Object {
        "next": "5",
        "previous": "3",
        "value": "4",
      },
    },
    Object {
      "color": "red",
      "draggable": false,
      "id": 0,
      "shown": false,
      "suit": "♥",
      "value": Object {
        "next": "9",
        "previous": "7",
        "value": "8",
      },
    },
    Object {
      "color": "red",
      "draggable": false,
      "id": 0,
      "shown": false,
      "suit": "♥",
      "value": Object {
        "next": "7",
        "previous": "5",
        "value": "6",
      },
    },
    Object {
      "color": "red",
      "draggable": false,
      "id": 0,
      "shown": false,
      "suit": "♥",
      "value": Object {
        "next": "8",
        "previous": "6",
        "value": "7",
      },
    },
    Object {
      "color": "red",
      "draggable": false,
      "id": 0,
      "shown": false,
      "suit": "♥",
      "value": Object {
        "next": "J",
        "previous": "9",
        "value": "10",
      },
    },
    Object {
      "color": "black",
      "draggable": false,
      "id": 0,
      "shown": false,
      "suit": "♠",
      "value": Object {
        "next": "8",
        "previous": "6",
        "value": "7",
      },
    },
    Object {
      "color": "red",
      "draggable": false,
      "id": 0,
      "shown": false,
      "suit": "♥",
      "value": Object {
        "next": "9",
        "previous": "7",
        "value": "8",
      },
    },
    Object {
      "color": "black",
      "draggable": false,
      "id": 0,
      "shown": false,
      "suit": "♣",
      "value": Object {
        "next": "10",
        "previous": "8",
        "value": "9",
      },
    },
    Object {
      "color": "red",
      "draggable": false,
      "id": 0,
      "shown": false,
      "suit": "♥",
      "value": Object {
        "next": "5",
        "previous": "3",
        "value": "4",
      },
    },
    Object {
      "color": "red",
      "draggable": false,
      "id": 0,
      "shown": false,
      "suit": "♥",
      "value": Object {
        "next": "10",
        "previous": "8",
        "value": "9",
      },
    },
    Object {
      "color": "red",
      "draggable": false,
      "id": 0,
      "shown": false,
      "suit": "♦",
      "value": Object {
        "next": "8",
        "previous": "6",
        "value": "7",
      },
    },
    Object {
      "color": "black",
      "draggable": false,
      "id": 0,
      "shown": false,
      "suit": "♣",
      "value": Object {
        "next": "7",
        "previous": "5",
        "value": "6",
      },
    },
    Object {
      "color": "black",
      "draggable": false,
      "id": 0,
      "shown": false,
      "suit": "♠",
      "value": Object {
        "next": "K",
        "previous": "J",
        "value": "Q",
      },
    },
    Object {
      "color": "black",
      "draggable": false,
      "id": 0,
      "shown": false,
      "suit": "♣",
      "value": Object {
        "next": "K",
        "previous": "J",
        "value": "Q",
      },
    },
    Object {
      "color": "red",
      "draggable": false,
      "id": 0,
      "shown": false,
      "suit": "♦",
      "value": Object {
        "next": "3",
        "previous": "A",
        "value": "2",
      },
    },
    Object {
      "color": "black",
      "draggable": false,
      "id": 0,
      "shown": false,
      "suit": "♠",
      "value": Object {
        "next": "Q",
        "previous": "10",
        "value": "J",
      },
    },
    Object {
      "color": "black",
      "draggable": false,
      "id": 0,
      "shown": false,
      "suit": "♠",
      "value": Object {
        "next": "Q",
        "previous": "10",
        "value": "J",
      },
    },
    Object {
      "color": "black",
      "draggable": false,
      "id": 0,
      "shown": false,
      "suit": "♣",
      "value": Object {
        "next": "K",
        "previous": "J",
        "value": "Q",
      },
    },
    Object {
      "color": "black",
      "draggable": false,
      "id": 0,
      "shown": false,
      "suit": "♠",
      "value": Object {
        "next": "4",
        "previous": "2",
        "value": "3",
      },
    },
    Object {
      "color": "black",
      "draggable": false,
      "id": 0,
      "shown": false,
      "suit": "♠",
      "value": Object {
        "next": "9",
        "previous": "7",
        "value": "8",
      },
    },
    Object {
      "color": "black",
      "draggable": false,
      "id": 0,
      "shown": false,
      "suit": "♠",
      "value": Object {
        "previous": "Q",
        "value": "K",
      },
    },
    Object {
      "color": "red",
      "draggable": false,
      "id": 0,
      "shown": false,
      "suit": "♦",
      "value": Object {
        "next": "4",
        "previous": "2",
        "value": "3",
      },
    },
    Object {
      "color": "red",
      "draggable": false,
      "id": 0,
      "shown": false,
      "suit": "♥",
      "value": Object {
        "next": "2",
        "value": "A",
      },
    },
    Object {
      "color": "black",
      "draggable": false,
      "id": 0,
      "shown": false,
      "suit": "♠",
      "value": Object {
        "next": "K",
        "previous": "J",
        "value": "Q",
      },
    },
    Object {
      "color": "black",
      "draggable": false,
      "id": 0,
      "shown": false,
      "suit": "♠",
      "value": Object {
        "next": "3",
        "previous": "A",
        "value": "2",
      },
    },
    Object {
      "color": "red",
      "draggable": false,
      "id": 0,
      "shown": false,
      "suit": "♥",
      "value": Object {
        "next": "Q",
        "previous": "10",
        "value": "J",
      },
    },
    Object {
      "color": "red",
      "draggable": false,
      "id": 0,
      "shown": false,
      "suit": "♥",
      "value": Object {
        "next": "7",
        "previous": "5",
        "value": "6",
      },
    },
    Object {
      "color": "black",
      "draggable": false,
      "id": 0,
      "shown": false,
      "suit": "♣",
      "value": Object {
        "next": "J",
        "previous": "9",
        "value": "10",
      },
    },
    Object {
      "color": "red",
      "draggable": false,
      "id": 0,
      "shown": false,
      "suit": "♦",
      "value": Object {
        "next": "5",
        "previous": "3",
        "value": "4",
      },
    },
    Object {
      "color": "red",
      "draggable": false,
      "id": 0,
      "shown": false,
      "suit": "♦",
      "value": Object {
        "next": "10",
        "previous": "8",
        "value": "9",
      },
    },
    Object {
      "color": "red",
      "draggable": false,
      "id": 0,
      "shown": false,
      "suit": "♦",
      "value": Object {
        "next": "3",
        "previous": "A",
        "value": "2",
      },
    },
    Object {
      "color": "red",
      "draggable": false,
      "id": 0,
      "shown": false,
      "suit": "♦",
      "value": Object {
        "next": "Q",
        "previous": "10",
        "value": "J",
      },
    },
    Object {
      "color": "red",
      "draggable": false,
      "id": 0,
      "shown": false,
      "suit": "♥",
      "value": Object {
        "next": "J",
        "previous": "9",
        "value": "10",
      },
    },
    Object {
      "color": "red",
      "draggable": false,
      "id": 0,
      "shown": false,
      "suit": "♦",
      "value": Object {
        "next": "6",
        "previous": "4",
        "value": "5",
      },
    },
    Object {
      "color": "black",
      "draggable": false,
      "id": 0,
      "shown": false,
      "suit": "♣",
      "value": Object {
        "next": "7",
        "previous": "5",
        "value": "6",
      },
    },
    Object {
      "color": "red",
      "draggable": false,
      "id": 0,
      "shown": false,
      "suit": "♥",
      "value": Object {
        "next": "3",
        "previous": "A",
        "value": "2",
      },
    },
    Object {
      "color": "red",
      "draggable": false,
      "id": 0,
      "shown": false,
      "suit": "♦",
      "value": Object {
        "next": "2",
        "value": "A",
      },
    },
    Object {
      "color": "black",
      "draggable": false,
      "id": 0,
      "shown": false,
      "suit": "♣",
      "value": Object {
        "next": "6",
        "previous": "4",
        "value": "5",
      },
    },
    Object {
      "color": "red",
      "draggable": false,
      "id": 0,
      "shown": false,
      "suit": "♦",
      "value": Object {
        "next": "6",
        "previous": "4",
        "value": "5",
      },
    },
    Object {
      "color": "red",
      "draggable": false,
      "id": 0,
      "shown": false,
      "suit": "♦",
      "value": Object {
        "previous": "Q",
        "value": "K",
      },
    },
    Object {
      "color": "red",
      "draggable": false,
      "id": 0,
      "shown": false,
      "suit": "♦",
      "value": Object {
        "next": "2",
        "value": "A",
      },
    },
    Object {
      "color": "red",
      "draggable": false,
      "id": 0,
      "shown": false,
      "suit": "♦",
      "value": Object {
        "next": "5",
        "previous": "3",
        "value": "4",
      },
    },
    Object {
      "color": "black",
      "draggable": false,
      "id": 0,
      "shown": false,
      "suit": "♣",
      "value": Object {
        "next": "J",
        "previous": "9",
        "value": "10",
      },
    },
    Object {
      "color": "red",
      "draggable": false,
      "id": 0,
      "shown": false,
      "suit": "♦",
      "value": Object {
        "next": "9",
        "previous": "7",
        "value": "8",
      },
    },
    Object {
      "color": "red",
      "draggable": false,
      "id": 0,
      "shown": false,
      "suit": "♥",
      "value": Object {
        "next": "4",
        "previous": "2",
        "value": "3",
      },
    },
    Object {
      "color": "black",
      "draggable": false,
      "id": 0,
      "shown": false,
      "suit": "♠",
      "value": Object {
        "previous": "Q",
        "value": "K",
      },
    },
  ],
  "goal": Object {
    "♠": Array [
      Object {
        "id": "♠1",
        "next": "A",
        "topCard": null,
      },
      Object {
        "id": "♠2",
        "next": "A",
        "topCard": null,
      },
    ],
    "♣": Array [
      Object {
        "id": "♣1",
        "next": "A",
        "topCard": null,
      },
      Object {
        "id": "♣2",
        "next": "A",
        "topCard": null,
      },
    ],
    "♥": Array [
      Object {
        "id": "♥1",
        "next": "A",
        "topCard": null,
      },
      Object {
        "id": "♥2",
        "next": "A",
        "topCard": null,
      },
    ],
    "♦": Array [
      Object {
        "id": "♦1",
        "next": "A",
        "topCard": null,
      },
      Object {
        "id": "♦2",
        "next": "A",
        "topCard": null,
      },
    ],
  },
  "lanes": Array [
    Array [
      Object {
        "color": "black",
        "draggable": true,
        "id": 0,
        "shown": true,
        "suit": "♣",
        "value": Object {
          "next": "Q",
          "previous": "10",
          "value": "J",
        },
      },
    ],
    Array [
      Object {
        "color": "black",
        "draggable": true,
        "id": 0,
        "shown": true,
        "suit": "♣",
        "value": Object {
          "previous": "Q",
          "value": "K",
        },
      },
      Object {
        "color": "black",
        "draggable": false,
        "id": 0,
        "shown": false,
        "suit": "♠",
        "value": Object {
          "next": "2",
          "value": "A",
        },
      },
    ],
    Array [
      Object {
        "color": "black",
        "draggable": true,
        "id": 0,
        "shown": true,
        "suit": "♠",
        "value": Object {
          "next": "8",
          "previous": "6",
          "value": "7",
        },
      },
      Object {
        "color": "black",
        "draggable": false,
        "id": 0,
        "shown": false,
        "suit": "♠",
        "value": Object {
          "next": "7",
          "previous": "5",
          "value": "6",
        },
      },
      Object {
        "color": "red",
        "draggable": false,
        "id": 0,
        "shown": false,
        "suit": "♥",
        "value": Object {
          "next": "3",
          "previous": "A",
          "value": "2",
        },
      },
    ],
    Array [
      Object {
        "color": "red",
        "draggable": true,
        "id": 0,
        "shown": true,
        "suit": "♥",
        "value": Object {
          "next": "6",
          "previous": "4",
          "value": "5",
        },
      },
      Object {
        "color": "black",
        "draggable": false,
        "id": 0,
        "shown": false,
        "suit": "♣",
        "value": Object {
          "next": "2",
          "value": "A",
        },
      },
      Object {
        "color": "red",
        "draggable": false,
        "id": 0,
        "shown": false,
        "suit": "♥",
        "value": Object {
          "next": "5",
          "previous": "3",
          "value": "4",
        },
      },
      Object {
        "color": "red",
        "draggable": false,
        "id": 0,
        "shown": false,
        "suit": "♥",
        "value": Object {
          "next": "K",
          "previous": "J",
          "value": "Q",
        },
      },
    ],
    Array [
      Object {
        "color": "red",
        "draggable": true,
        "id": 0,
        "shown": true,
        "suit": "♦",
        "value": Object {
          "next": "J",
          "previous": "9",
          "value": "10",
        },
      },
      Object {
        "color": "red",
        "draggable": false,
        "id": 0,
        "shown": false,
        "suit": "♥",
        "value": Object {
          "next": "6",
          "previous": "4",
          "value": "5",
        },
      },
      Object {
        "color": "red",
        "draggable": false,
        "id": 0,
        "shown": false,
        "suit": "♥",
        "value": Object {
          "previous": "Q",
          "value": "K",
        },
      },
      Object {
        "color": "red",
        "draggable": false,
        "id": 0,
        "shown": false,
        "suit": "♦",
        "value": Object {
          "next": "J",
          "previous": "9",
          "value": "10",
        },
      },
      Object {
        "color": "black",
        "draggable": false,
        "id": 0,
        "shown": false,
        "suit": "♠",
        "value": Object {
          "next": "9",
          "previous": "7",
          "value": "8",
        },
      },
    ],
    Array [
      Object {
        "color": "red",
        "draggable": true,
        "id": 0,
        "shown": true,
        "suit": "♥",
        "value": Object {
          "next": "8",
          "previous": "6",
          "value": "7",
        },
      },
      Object {
        "color": "red",
        "draggable": false,
        "id": 0,
        "shown": false,
        "suit": "♦",
        "value": Object {
          "next": "10",
          "previous": "8",
          "value": "9",
        },
      },
      Object {
        "color": "black",
        "draggable": false,
        "id": 0,
        "shown": false,
        "suit": "♠",
        "value": Object {
          "next": "10",
          "previous": "8",
          "value": "9",
        },
      },
      Object {
        "color": "black",
        "draggable": false,
        "id": 0,
        "shown": false,
        "suit": "♠",
        "value": Object {
          "next": "J",
          "previous": "9",
          "value": "10",
        },
      },
      Object {
        "color": "black",
        "draggable": false,
        "id": 0,
        "shown": false,
        "suit": "♣",
        "value": Object {
          "next": "10",
          "previous": "8",
          "value": "9",
        },
      },
    ],
    Array [
      Object {
        "color": "black",
        "draggable": true,
        "id": 0,
        "shown": true,
        "suit": "♠",
        "value": Object {
          "next": "J",
          "previous": "9",
          "value": "10",
        },
      },
      Object {
        "color": "red",
        "draggable": false,
        "id": 0,
        "shown": false,
        "suit": "♥",
        "value": Object {
          "next": "Q",
          "previous": "10",
          "value": "J",
        },
      },
      Object {
        "color": "black",
        "draggable": false,
        "id": 0,
        "shown": false,
        "suit": "♣",
        "value": Object {
          "next": "8",
          "previous": "6",
          "value": "7",
        },
      },
      Object {
        "color": "black",
        "draggable": false,
        "id": 0,
        "shown": false,
        "suit": "♠",
        "value": Object {
          "next": "5",
          "previous": "3",
          "value": "4",
        },
      },
    ],
    Array [
      Object {
        "color": "black",
        "draggable": true,
        "id": 0,
        "shown": true,
        "suit": "♠",
        "value": Object {
          "next": "4",
          "previous": "2",
          "value": "3",
        },
      },
      Object {
        "color": "red",
        "draggable": false,
        "id": 0,
        "shown": false,
        "suit": "♦",
        "value": Object {
          "next": "K",
          "previous": "J",
          "value": "Q",
        },
      },
      Object {
        "color": "black",
        "draggable": false,
        "id": 0,
        "shown": false,
        "suit": "♣",
        "value": Object {
          "next": "9",
          "previous": "7",
          "value": "8",
        },
      },
    ],
    Array [
      Object {
        "color": "red",
        "draggable": true,
        "id": 0,
        "shown": true,
        "suit": "♥",
        "value": Object {
          "previous": "Q",
          "value": "K",
        },
      },
      Object {
        "color": "black",
        "draggable": false,
        "id": 0,
        "shown": false,
        "suit": "♠",
        "value": Object {
          "next": "3",
          "previous": "A",
          "value": "2",
        },
      },
    ],
    Array [
      Object {
        "color": "black",
        "draggable": true,
        "id": 0,
        "shown": true,
        "suit": "♣",
        "value": Object {
          "next": "9",
          "previous": "7",
          "value": "8",
        },
      },
    ],
  ],
}
`;
